[    1536ms] [LOG] [HMR] Waiting for update signal from WDS... @ webpack-internal:///./node_modules/webpack/hot/log.js:23
[    1840ms] [INFO] Download the Vue Devtools extension for a better development experience:
https://github.com/vuejs/vue-devtools @ webpack-internal:///./node_modules/vue/dist/vue.runtime.esm.js:8283
[    1891ms] [WARNING] [Vue tip]: Prop "readonly" is passed to component <Anonymous>, but the declared prop name is "readOnly". Note that HTML attributes are case-insensitive and camelCased props need to use their kebab-case equivalents when using in-DOM templates. You should probably use "read-only" instead of "readOnly". @ webpack-internal:///./node_modules/vue/dist/vue.runtime.esm.js:624
[    1896ms] [WARNING] [Vue tip]: Prop "readonly" is passed to component <Anonymous>, but the declared prop name is "readOnly". Note that HTML attributes are case-insensitive and camelCased props need to use their kebab-case equivalents when using in-DOM templates. You should probably use "read-only" instead of "readOnly". @ webpack-internal:///./node_modules/vue/dist/vue.runtime.esm.js:624
[   15479ms] [ERROR] [Vue warn]: Unknown custom element: <a-radio-group> - did you register the component correctly? For recursive components, make sure to provide the "name" option.

found in

---> <DirectiveDemoModal> at src/components/DirectiveDemoModal.vue
       <Home> at src/views/Home.vue
         <Anonymous>
           <ALayoutContent>
             <Anonymous>
               <ALayout>
                 <App> at src/App.vue
                   <Root> @ webpack-internal:///./node_modules/vue/dist/vue.runtime.esm.js:618
[   15479ms] [ERROR] [Vue warn]: Unknown custom element: <a-radio-button> - did you register the component correctly? For recursive components, make sure to provide the "name" option.

found in

---> <DirectiveDemoModal> at src/components/DirectiveDemoModal.vue
       <Home> at src/views/Home.vue
         <Anonymous>
           <ALayoutContent>
             <Anonymous>
               <ALayout>
                 <App> at src/App.vue
                   <Root> @ webpack-internal:///./node_modules/vue/dist/vue.runtime.esm.js:618
[   15480ms] [ERROR] [Vue warn]: Unknown custom element: <a-radio-button> - did you register the component correctly? For recursive components, make sure to provide the "name" option.

found in

---> <DirectiveDemoModal> at src/components/DirectiveDemoModal.vue
       <Home> at src/views/Home.vue
         <Anonymous>
           <ALayoutContent>
             <Anonymous>
               <ALayout>
                 <App> at src/App.vue
                   <Root> @ webpack-internal:///./node_modules/vue/dist/vue.runtime.esm.js:618
[   15480ms] [ERROR] [Vue warn]: Unknown custom element: <a-radio-button> - did you register the component correctly? For recursive components, make sure to provide the "name" option.

found in

---> <DirectiveDemoModal> at src/components/DirectiveDemoModal.vue
       <Home> at src/views/Home.vue
         <Anonymous>
           <ALayoutContent>
             <Anonymous>
               <ALayout>
                 <App> at src/App.vue
                   <Root> @ webpack-internal:///./node_modules/vue/dist/vue.runtime.esm.js:618
[  459636ms] [ERROR] [Vue warn]: Unknown custom element: <a-radio-group> - did you register the component correctly? For recursive components, make sure to provide the "name" option.

found in

---> <DirectiveDemoModal> at src/components/DirectiveDemoModal.vue
       <Home> at src/views/Home.vue
         <Anonymous>
           <ALayoutContent>
             <Anonymous>
               <ALayout>
                 <App> at src/App.vue
                   <Root> @ webpack-internal:///./node_modules/vue/dist/vue.runtime.esm.js:618
[  459636ms] [ERROR] [Vue warn]: Unknown custom element: <a-radio-button> - did you register the component correctly? For recursive components, make sure to provide the "name" option.

found in

---> <DirectiveDemoModal> at src/components/DirectiveDemoModal.vue
       <Home> at src/views/Home.vue
         <Anonymous>
           <ALayoutContent>
             <Anonymous>
               <ALayout>
                 <App> at src/App.vue
                   <Root> @ webpack-internal:///./node_modules/vue/dist/vue.runtime.esm.js:618
[  459637ms] [ERROR] [Vue warn]: Unknown custom element: <a-radio-button> - did you register the component correctly? For recursive components, make sure to provide the "name" option.

found in

---> <DirectiveDemoModal> at src/components/DirectiveDemoModal.vue
       <Home> at src/views/Home.vue
         <Anonymous>
           <ALayoutContent>
             <Anonymous>
               <ALayout>
                 <App> at src/App.vue
                   <Root> @ webpack-internal:///./node_modules/vue/dist/vue.runtime.esm.js:618
[  459637ms] [ERROR] [Vue warn]: Unknown custom element: <a-radio-button> - did you register the component correctly? For recursive components, make sure to provide the "name" option.

found in

---> <DirectiveDemoModal> at src/components/DirectiveDemoModal.vue
       <Home> at src/views/Home.vue
         <Anonymous>
           <ALayoutContent>
             <Anonymous>
               <ALayout>
                 <App> at src/App.vue
                   <Root> @ webpack-internal:///./node_modules/vue/dist/vue.runtime.esm.js:618
[  703918ms] [LOG] [HMR] Waiting for update signal from WDS... @ webpack-internal:///./node_modules/webpack/hot/log.js:23
[  704365ms] [INFO] Download the Vue Devtools extension for a better development experience:
https://github.com/vuejs/vue-devtools @ webpack-internal:///./node_modules/vue/dist/vue.runtime.esm.js:8283
[  704441ms] [WARNING] [Vue tip]: Prop "readonly" is passed to component <Anonymous>, but the declared prop name is "readOnly". Note that HTML attributes are case-insensitive and camelCased props need to use their kebab-case equivalents when using in-DOM templates. You should probably use "read-only" instead of "readOnly". @ webpack-internal:///./node_modules/vue/dist/vue.runtime.esm.js:624
[  704448ms] [WARNING] [Vue tip]: Prop "readonly" is passed to component <Anonymous>, but the declared prop name is "readOnly". Note that HTML attributes are case-insensitive and camelCased props need to use their kebab-case equivalents when using in-DOM templates. You should probably use "read-only" instead of "readOnly". @ webpack-internal:///./node_modules/vue/dist/vue.runtime.esm.js:624
[  715678ms] [LOG] [HMR] Waiting for update signal from WDS... @ webpack-internal:///./node_modules/webpack/hot/log.js:23
[  715893ms] [INFO] Download the Vue Devtools extension for a better development experience:
https://github.com/vuejs/vue-devtools @ webpack-internal:///./node_modules/vue/dist/vue.runtime.esm.js:8283
[  715935ms] [WARNING] [Vue tip]: Prop "readonly" is passed to component <Anonymous>, but the declared prop name is "readOnly". Note that HTML attributes are case-insensitive and camelCased props need to use their kebab-case equivalents when using in-DOM templates. You should probably use "read-only" instead of "readOnly". @ webpack-internal:///./node_modules/vue/dist/vue.runtime.esm.js:624
[  715944ms] [WARNING] [Vue tip]: Prop "readonly" is passed to component <Anonymous>, but the declared prop name is "readOnly". Note that HTML attributes are case-insensitive and camelCased props need to use their kebab-case equivalents when using in-DOM templates. You should probably use "read-only" instead of "readOnly". @ webpack-internal:///./node_modules/vue/dist/vue.runtime.esm.js:624
