[    1538ms] [LOG] [HMR] Waiting for update signal from WDS... @ webpack-internal:///./node_modules/webpack/hot/log.js:23
[    1847ms] [INFO] Download the Vue Devtools extension for a better development experience:
https://github.com/vuejs/vue-devtools @ webpack-internal:///./node_modules/vue/dist/vue.runtime.esm.js:8283
[    1898ms] [WARNING] [Vue tip]: Prop "readonly" is passed to component <Anonymous>, but the declared prop name is "readOnly". Note that HTML attributes are case-insensitive and camelCased props need to use their kebab-case equivalents when using in-DOM templates. You should probably use "read-only" instead of "readOnly". @ webpack-internal:///./node_modules/vue/dist/vue.runtime.esm.js:624
[    1903ms] [WARNING] [Vue tip]: Prop "readonly" is passed to component <Anonymous>, but the declared prop name is "readOnly". Note that HTML attributes are case-insensitive and camelCased props need to use their kebab-case equivalents when using in-DOM templates. You should probably use "read-only" instead of "readOnly". @ webpack-internal:///./node_modules/vue/dist/vue.runtime.esm.js:624
[  588692ms] [LOG] [HMR] Waiting for update signal from WDS... @ webpack-internal:///./node_modules/webpack/hot/log.js:23
[  588860ms] [INFO] Download the Vue Devtools extension for a better development experience:
https://github.com/vuejs/vue-devtools @ webpack-internal:///./node_modules/vue/dist/vue.runtime.esm.js:8283
[  588915ms] [WARNING] [Vue tip]: Prop "readonly" is passed to component <Anonymous>, but the declared prop name is "readOnly". Note that HTML attributes are case-insensitive and camelCased props need to use their kebab-case equivalents when using in-DOM templates. You should probably use "read-only" instead of "readOnly". @ webpack-internal:///./node_modules/vue/dist/vue.runtime.esm.js:624
[  588920ms] [WARNING] [Vue tip]: Prop "readonly" is passed to component <Anonymous>, but the declared prop name is "readOnly". Note that HTML attributes are case-insensitive and camelCased props need to use their kebab-case equivalents when using in-DOM templates. You should probably use "read-only" instead of "readOnly". @ webpack-internal:///./node_modules/vue/dist/vue.runtime.esm.js:624
[  594329ms] [LOG] [HMR] Waiting for update signal from WDS... @ webpack-internal:///./node_modules/webpack/hot/log.js:23
[  594453ms] [INFO] Download the Vue Devtools extension for a better development experience:
https://github.com/vuejs/vue-devtools @ webpack-internal:///./node_modules/vue/dist/vue.runtime.esm.js:8283
[  594499ms] [WARNING] [Vue tip]: Prop "readonly" is passed to component <Anonymous>, but the declared prop name is "readOnly". Note that HTML attributes are case-insensitive and camelCased props need to use their kebab-case equivalents when using in-DOM templates. You should probably use "read-only" instead of "readOnly". @ webpack-internal:///./node_modules/vue/dist/vue.runtime.esm.js:624
[  594507ms] [WARNING] [Vue tip]: Prop "readonly" is passed to component <Anonymous>, but the declared prop name is "readOnly". Note that HTML attributes are case-insensitive and camelCased props need to use their kebab-case equivalents when using in-DOM templates. You should probably use "read-only" instead of "readOnly". @ webpack-internal:///./node_modules/vue/dist/vue.runtime.esm.js:624
[  618048ms] [LOG] [HMR] Waiting for update signal from WDS... @ webpack-internal:///./node_modules/webpack/hot/log.js:23
[  618226ms] [INFO] Download the Vue Devtools extension for a better development experience:
https://github.com/vuejs/vue-devtools @ webpack-internal:///./node_modules/vue/dist/vue.runtime.esm.js:8283
[  618274ms] [WARNING] [Vue tip]: Prop "readonly" is passed to component <Anonymous>, but the declared prop name is "readOnly". Note that HTML attributes are case-insensitive and camelCased props need to use their kebab-case equivalents when using in-DOM templates. You should probably use "read-only" instead of "readOnly". @ webpack-internal:///./node_modules/vue/dist/vue.runtime.esm.js:624
[  618284ms] [WARNING] [Vue tip]: Prop "readonly" is passed to component <Anonymous>, but the declared prop name is "readOnly". Note that HTML attributes are case-insensitive and camelCased props need to use their kebab-case equivalents when using in-DOM templates. You should probably use "read-only" instead of "readOnly". @ webpack-internal:///./node_modules/vue/dist/vue.runtime.esm.js:624
[  696280ms] [LOG] [HMR] Waiting for update signal from WDS... @ webpack-internal:///./node_modules/webpack/hot/log.js:23
[  696461ms] [INFO] Download the Vue Devtools extension for a better development experience:
https://github.com/vuejs/vue-devtools @ webpack-internal:///./node_modules/vue/dist/vue.runtime.esm.js:8283
[  696541ms] [WARNING] [Vue tip]: Prop "readonly" is passed to component <Anonymous>, but the declared prop name is "readOnly". Note that HTML attributes are case-insensitive and camelCased props need to use their kebab-case equivalents when using in-DOM templates. You should probably use "read-only" instead of "readOnly". @ webpack-internal:///./node_modules/vue/dist/vue.runtime.esm.js:624
[  696580ms] [WARNING] [Vue tip]: Prop "readonly" is passed to component <Anonymous>, but the declared prop name is "readOnly". Note that HTML attributes are case-insensitive and camelCased props need to use their kebab-case equivalents when using in-DOM templates. You should probably use "read-only" instead of "readOnly". @ webpack-internal:///./node_modules/vue/dist/vue.runtime.esm.js:624
