[    7973ms] [LOG] [HMR] Waiting for update signal from WDS... @ webpack-internal:///./node_modules/webpack/hot/log.js:23
[    8871ms] [INFO] Download the Vue Devtools extension for a better development experience:
https://github.com/vuejs/vue-devtools @ webpack-internal:///./node_modules/vue/dist/vue.runtime.esm.js:8283
[    9028ms] [WARNING] [Vue tip]: Prop "readonly" is passed to component <Anonymous>, but the declared prop name is "readOnly". Note that HTML attributes are case-insensitive and camelCased props need to use their kebab-case equivalents when using in-DOM templates. You should probably use "read-only" instead of "readOnly". @ webpack-internal:///./node_modules/vue/dist/vue.runtime.esm.js:624
[    9043ms] [WARNING] [Vue tip]: Prop "readonly" is passed to component <Anonymous>, but the declared prop name is "readOnly". Note that HTML attributes are case-insensitive and camelCased props need to use their kebab-case equivalents when using in-DOM templates. You should probably use "read-only" instead of "readOnly". @ webpack-internal:///./node_modules/vue/dist/vue.runtime.esm.js:624
[  369629ms] [ERROR] [Vue warn]: Property or method "onReady" is not defined on the instance but referenced during render. Make sure that this property is reactive, either in the data option, or for class-based components, by initializing the property. See: https://vuejs.org/v2/guide/reactivity.html#Declaring-Reactive-Properties.

found in

---> <UEditorModal>
       <Home> at src/views/Home.vue
         <Anonymous>
           <ALayoutContent>
             <Anonymous>
               <ALayout>
                 <App> at src/App.vue
                   <Root> @ webpack-internal:///./node_modules/vue/dist/vue.runtime.esm.js:618
[  369662ms] [ERROR] [Vue warn]: Invalid handler for event "ready": got undefined

found in

---> <VueUeditorWrap> at src/components/vue-ueditor-wrap.vue
       <Anonymous>
         <Anonymous>
           <Portal>
             <PortalWrapper>
               <Anonymous>
                 <AModal>
                   <UEditorModal>
                     <Home> at src/views/Home.vue
                       <Anonymous>
                         <ALayoutContent>
                           <Anonymous>
                             <ALayout>
                               <App> at src/App.vue
                                 <Root> @ webpack-internal:///./node_modules/vue/dist/vue.runtime.esm.js:618
